<html>
<body>
<pre>
<h1>礦ision Build Log</h1>
<h2>Tool Versions:</h2>
IDE-Version: μVision V5.28.0.0
Copyright (C) 2019 ARM Ltd and ARM Germany GmbH. All rights reserved.
License Information: 1 1, 1, LIC=W96CK-Z5RXP-5B8EB-2SEB8-M63JN-F0QAX
 
Tool Versions:
Toolchain:       MDK-ARM Professional  Version: 5.28.0.0
Toolchain Path:  C:\Keil_v5\ARM\ARMCC\Bin
C Compiler:      Armcc.exe V5.06 update 6 (build 750)
Assembler:       Armasm.exe V5.06 update 6 (build 750)
Linker/Locator:  ArmLink.exe V5.06 update 6 (build 750)
Library Manager: ArmAr.exe V5.06 update 6 (build 750)
Hex Converter:   FromElf.exe V5.06 update 6 (build 750)
CPU DLL:         SARMCM3.DLL V5.28.0.0
Dialog DLL:      DCM.DLL V1.17.3.0
Target DLL:      STLink\ST-LINKIII-KEIL_SWO.dll V3.0.6.0
Dialog DLL:      TCM.DLL V1.36.2.0
 
<h2>Project:</h2>
C:\Users\pc\Desktop\实验\blt\latest\空白工程\Project\example.uvprojx
Project File Date:  11/17/2021

<h2>Output:</h2>
*** Using Compiler 'V5.06 update 6 (build 750)', folder: 'C:\Keil_v5\ARM\ARMCC\Bin'
Rebuild target 'Project'
compiling stm32f10x_it.c...
compiling bsp_servo.c...
compiling bsp_pwm.c...
compiling bsp_delay.c...
compiling main.c...
..\App\inc\bsp_usart_blt.h(9): warning:  #47-D: incompatible redefinition of macro "DEBUG_USARTx"  (declared at line 89 of "..\App\inc\bsp_usart.h")
  #define  DEBUG_USARTx                   UART4
..\App\inc\bsp_usart_blt.h(10): warning:  #47-D: incompatible redefinition of macro "DEBUG_USART_CLK"  (declared at line 90 of "..\App\inc\bsp_usart.h")
  #define  DEBUG_USART_CLK                RCC_APB1Periph_UART4
..\App\inc\bsp_usart_blt.h(12): warning:  #47-D: incompatible redefinition of macro "DEBUG_USART_BAUDRATE"  (declared at line 92 of "..\App\inc\bsp_usart.h")
  #define  DEBUG_USART_BAUDRATE           38400
..\App\inc\bsp_usart_blt.h(15): warning:  #47-D: incompatible redefinition of macro "DEBUG_USART_GPIO_CLK"  (declared at line 95 of "..\App\inc\bsp_usart.h")
  #define  DEBUG_USART_GPIO_CLK           (RCC_APB2Periph_GPIOC)
..\App\inc\bsp_usart_blt.h(20): warning:  #47-D: incompatible redefinition of macro "DEBUG_USART_TX_GPIO_PIN"  (declared at line 99 of "..\App\inc\bsp_usart.h")
  #define  DEBUG_USART_TX_GPIO_PIN        GPIO_Pin_10
..\App\inc\bsp_usart_blt.h(21): warning:  #47-D: incompatible redefinition of macro "DEBUG_USART_RX_GPIO_PORT"  (declared at line 100 of "..\App\inc\bsp_usart.h")
  #define  DEBUG_USART_RX_GPIO_PORT       GPIOC
..\App\inc\bsp_usart_blt.h(22): warning:  #47-D: incompatible redefinition of macro "DEBUG_USART_RX_GPIO_PIN"  (declared at line 101 of "..\App\inc\bsp_usart.h")
  #define  DEBUG_USART_RX_GPIO_PIN        GPIO_Pin_11
..\App\inc\bsp_usart_blt.h(24): warning:  #47-D: incompatible redefinition of macro "DEBUG_USART_IRQ"  (declared at line 103 of "..\App\inc\bsp_usart.h")
  #define  DEBUG_USART_IRQ                UART4_IRQn
..\App\inc\bsp_usart_blt.h(25): warning:  #47-D: incompatible redefinition of macro "DEBUG_USART_IRQHandler"  (declared at line 104 of "..\App\inc\bsp_usart.h")
  #define  DEBUG_USART_IRQHandler         UART4_IRQHandler
..\App\src\main.c: 9 warnings, 0 errors
compiling bsp_usart.c...
compiling bsp_adc.c...
assembling startup_stm32f10x_hd.s...
compiling bsp_usart_blt.c...
..\App\src\bsp_usart_blt.c(21): warning:  #177-D: variable "i"  was declared but never referenced
  		int i;  
..\App\src\bsp_usart_blt.c(15): warning:  #550-D: variable "ucTemp1"  was set but never used
  	uint8_t ucTemp1;
..\App\src\bsp_usart_blt.c(158): warning:  #1-D: last line of file ends without a newline
  }
..\App\src\bsp_usart_blt.c: 3 warnings, 0 errors
compiling misc.c...
compiling system_stm32f10x.c...
compiling bsp_track.c...
compiling bsp_control.c...
..\App\src\bsp_control.c(40): warning:  #550-D: variable "error"  was set but never used
  		int error = 0;
..\App\src\bsp_control.c(41): warning:  #177-D: variable "i"  was declared but never referenced
  		int i;
..\App\src\bsp_control.c: 2 warnings, 0 errors
compiling stm32f10x_adc.c...
compiling stm32f10x_bkp.c...
compiling stm32f10x_can.c...
compiling stm32f10x_dac.c...
compiling stm32f10x_crc.c...
compiling stm32f10x_dbgmcu.c...
compiling stm32f10x_dma.c...
compiling stm32f10x_cec.c...
compiling stm32f10x_exti.c...
compiling stm32f10x_flash.c...
compiling stm32f10x_gpio.c...
compiling stm32f10x_fsmc.c...
compiling stm32f10x_pwr.c...
compiling stm32f10x_i2c.c...
compiling stm32f10x_iwdg.c...
compiling stm32f10x_rcc.c...
compiling stm32f10x_rtc.c...
compiling stm32f10x_sdio.c...
compiling stm32f10x_wwdg.c...
compiling stm32f10x_spi.c...
compiling stm32f10x_usart.c...
compiling stm32f10x_tim.c...
linking...
Program Size: Code=6496 RO-data=336 RW-data=36 ZI-data=1028  
FromELF: creating hex file...
".\Objects\example.axf" - 0 Error(s), 14 Warning(s).

<h2>Software Packages used:</h2>

Package Vendor: Keil
                http://www.keil.com/pack/Keil.STM32F1xx_DFP.2.3.0.pack
                Keil.STM32F1xx_DFP.2.3.0
                STMicroelectronics STM32F1 Series Device Support, Drivers and Examples

<h2>Collection of Component include folders:</h2>
  .\RTE\_Project
  C:\Users\pc\AppData\Local\Arm\Packs\Keil\STM32F1xx_DFP\2.3.0\Device\Include

<h2>Collection of Component Files used:</h2>
Build Time Elapsed:  00:00:06
</pre>
</body>
</html>
